// Jest Snapshot v1, https://goo.gl/fbAQLP

exports[`With vars from files Returns expected Sass contents 1`] = `
"$value1FromJson:foo;
$value2FromJson:foo;
$value1FromJs:foo;
sassFileContents"
`;

exports[`With vars from webpack config Returns expected Sass contents 1`] = `
"$value1FromWebpack:foo;
$value2FromWebpack:foo;
$nested:(
works:(
veryWell:true,
withoutProblems:true
)
);
sassFileContents"
`;
